
Running 1 test using 1 worker

[1A[2K[1/1] [chromium] ÔÇ║ tests\e2e\offline-sales.spec.ts:25:5 ÔÇ║ Offline First - Sales Sync Flow ÔÇ║ should create sale offline and sync when online
[1A[2K  1) [chromium] ÔÇ║ tests\e2e\offline-sales.spec.ts:25:5 ÔÇ║ Offline First - Sales Sync Flow ÔÇ║ should create sale offline and sync when online 

    Error: [2mexpect([22m[31mlocator[39m[2m).[22mtoBeVisible[2m([22m[2m)[22m failed

    Locator: locator('h2:has-text("Vente")')
    Expected: visible
    Timeout: 15000ms
    Error: element(s) not found

    Call log:
    [2m  - Expect "toBeVisible" with timeout 15000ms[22m
    [2m  - waiting for locator('h2:has-text("Vente")')[22m


      20 |         // S'assurer qu'on est sur l'├®cran de prise de commande (Home /)
      21 |         await page.goto('http://localhost:5173/');
    > 22 |         await expect(page.locator('h2:has-text("Vente")')).toBeVisible({ timeout: 15000 });
         |                                                            ^
      23 |     });
      24 |
      25 |     test('should create sale offline and sync when online', async ({ page, context }) => {
        at C:\Users\HP ELITEBOOK\DEV\BarTender\tests\e2e\offline-sales.spec.ts:22:60

    Error Context: test-results\offline-sales-Offline-Firs-94139-ffline-and-sync-when-online-chromium\error-context.md


[1A[2K  1 failed
    [chromium] ÔÇ║ tests\e2e\offline-sales.spec.ts:25:5 ÔÇ║ Offline First - Sales Sync Flow ÔÇ║ should create sale offline and sync when online 

[36m  Serving HTML report at http://localhost:52635. Press Ctrl+C to quit.[39m
